[www.rastrovia.com.br/index.html]
[backblue.gif]
[fade.gif]
[index.html]
[www.rastrovia.com.br/sites/all/themes/frontend/assets/img/favicon.png]
[www.rastrovia.com.br/css/bootstrap.min.css]
[www.rastrovia.com.br/css/font-awesome.min.css]
[www.rastrovia.com.br/css/swiper.min.css]
[www.rastrovia.com.br/css/owl.carousel.min.css]
[www.rastrovia.com.br/css/styled41d.css]
[www.rastrovia.com.br/css/responsive7d9f.css]
[www.rastrovia.com.br/images/rast.png]
[www.rastrovia.com.br/video/video.jpg]
[www.rastrovia.com.br/video/video.mp4]
[www.rastrovia.com.br/images/img/simple_tracking.png]
[www.rastrovia.com.br/images/clouds/wifi1.svg]
[www.rastrovia.com.br/images/icons/carro6.png]
[www.rastrovia.com.br/images/icons/moto6.png]
[www.rastrovia.com.br/images/icons/delivery.svg]
[www.rastrovia.com.br/images/icons/map.png]
[www.rastrovia.com.br/images/icons/locked.svg]
[www.rastrovia.com.br/images/icons/customer-service.svg]
[www.rastrovia.com.br/images/clouds/cloud-blue.svg]
[www.rastrovia.com.br/images/partners/anatellogo.png]
[www.rastrovia.com.br/images/partners/suntech.png]
[www.rastrovia.com.br/images/partners/android.png]
[www.rastrovia.com.br/images/partners/apple.png]
[www.rastrovia.com.br/images/logo-rastroviaa.png]
[www.rastrovia.com.br/cdn-cgi/l/email-protection.html]
[www.rastrovia.com.br/cdn-cgi/scripts/5c5dd728/cloudflare-static/email-decode.min.js]
[www.rastrovia.com.br/js/jquery-3.1.1.min.js]
[www.rastrovia.com.br/js/bootstrap.min.js]
[www.rastrovia.com.br/js/wow.min.js]
[www.rastrovia.com.br/js/swiper.min.js]
[www.rastrovia.com.br/js/owl.carousel.min.js]
[www.rastrovia.com.br/js/simple-expand.min.js]
[www.rastrovia.com.br/js/jquery.countTo.js]
[www.rastrovia.com.br/js/jquery.inview.min.js]
[www.rastrovia.com.br/js/jquery.easing.min.js]
[www.rastrovia.com.br/js/jquery.nav.js]
[www.rastrovia.com.br/js/jquery.ajaxchimp.js]
[www.rastrovia.com.br/js/jquery-ui.min.js]
[www.rastrovia.com.br/js/jquery.easypiechart.min.js]
[www.rastrovia.com.br/js/jquery.magnific-popup.min.js]
[www.rastrovia.com.br/js/isotope.pkgd.min.js]
[www.rastrovia.com.br/js/customd41d.js]
[www.rastrovia.com.br/index.html]
[www.rastrovia.com.br/sites/all/themes/frontend/assets/img/favicon.html]
[www.rastrovia.com.br/fonts/glyphicons-halflings-regular.eot]
[www.rastrovia.com.br/fonts/glyphicons-halflings-regulard41d.eot]
[www.rastrovia.com.br/fonts/glyphicons-halflings-regular.woff2]
[www.rastrovia.com.br/fonts/glyphicons-halflings-regular.woff]
[www.rastrovia.com.br/fonts/glyphicons-halflings-regular.ttf]
[www.rastrovia.com.br/fonts/glyphicons-halflings-regular.svg]
[www.rastrovia.com.br/css/bootstrap.min.css]
[www.rastrovia.com.br/fonts/fontawesome-webfonte0a5.eot]
[www.rastrovia.com.br/fonts/fontawesome-webfontd41d.eot]
[www.rastrovia.com.br/fonts/fontawesome-webfonte0a5.woff2]
[www.rastrovia.com.br/fonts/fontawesome-webfonte0a5.woff]
[www.rastrovia.com.br/fonts/fontawesome-webfonte0a5.ttf]
[www.rastrovia.com.br/css/font-awesome.min.css]
[www.rastrovia.com.br/css/swiper.min.css]
[www.rastrovia.com.br/fonts/fontawesome-webfonte0a5.svg]
[www.rastrovia.com.br/css/owl.video.play.png]
[www.rastrovia.com.br/css/owl.carousel.min.css]
[www.rastrovia.com.br/css/animate.css]
[www.rastrovia.com.br/css/magnific-popup.css]
[www.rastrovia.com.br/images/img/image1.jpg]
[www.rastrovia.com.br/images/icons/home-lineart.svg]
[www.rastrovia.com.br/images/img/image2.png]
[www.rastrovia.com.br/images/clouds/cloud-dark.svg]
[www.rastrovia.com.br/images/img/image3.jpg]
[www.rastrovia.com.br/css/styled41d.css]
[www.rastrovia.com.br/css/responsive7d9f.css]
[www.rastrovia.com.br/images/clouds/wifi1.svg]
[www.rastrovia.com.br/images/icons/delivery.svg]
[www.rastrovia.com.br/images/icons/locked.svg]
[www.rastrovia.com.br/images/icons/customer-service.svg]
[www.rastrovia.com.br/images/clouds/cloud-blue.svg]
[www.rastrovia.com.br/cdn-cgi/l/email-protection.html]
[www.rastrovia.com.br/fonts/glyphicons-halflings-regular.html]
[www.rastrovia.com.br/fonts/glyphicons-halflings-regulard41d.html]
[www.rastrovia.com.br/fonts/glyphicons-halflings-regular-2.html]
[www.rastrovia.com.br/fonts/glyphicons-halflings-regular-3.html]
[www.rastrovia.com.br/fonts/glyphicons-halflings-regular-4.html]
[www.rastrovia.com.br/fonts/glyphicons-halflings-regular-5.html]
[www.rastrovia.com.br/fonts/fontawesome-webfonte0a5.svg]
[www.rastrovia.com.br/css/owl.video.play.html]
[www.rastrovia.com.br/css/animate.css]
[www.rastrovia.com.br/css/magnific-popup.css]
[www.rastrovia.com.br/images/icons/home-lineart.svg]
[www.rastrovia.com.br/images/clouds/cloud-dark.svg]
